-- step 1  inspect the obj
# Step 1: OBJ inspection

Generated by `obj_inspect/inspect_obj.py`. Numbers in the scaled frame are in metres, REP-103 (X forward, Y left, Z up), origin at the wing leading edge root on the centreline.

## File

- vertices: 20100, polygon records: 20559, triangles after fan split: 35799
- object groups: 144 (hull, wing, flaps, ailerons, tail, nacelles, props, floats, gear, doors, plus about 100 small cockpit/instrument objects)
- bounding box (obj units): min [-9.905, -4.462, -14.393], max [9.89, 4.354, 14.393], size [19.795, 8.816, 28.785]
- units: metres at full scale. Size 19.80 x 28.79 x 8.82 (length x span x height) vs the real CL-415 19.82 x 28.63 x 8.98 m
- watertight: no. The merged mesh is open (36 of 144 groups are closed on their own; the hull, wing and nacelles are open shells). Fine for proportions, useless for volumes, which is another reason to rebuild in CAD.
- no .mtl file next to the obj (only referenced), materials ignored

## Orientation

- nose is -X (hull nose at x = -9.91, cockpit glazing at x = -7.63)
- up is +Y (fin tip at y = 4.35, keel at y = -3.99)
- left is +Z (flotteurG, G = gauche, sits at z = +13.21). Check: forward x up = right, (-X) x (+Y) = -Z, so left is +Z. Conversion to REP-103: x = -X, y = +Z, z = +Y (det = +1)

## Scale

- wingspan in the file: 28.785 (tip to tip of `ailes`, winglet caps included)
- scale factor to 2.51 m: **0.087198** (about 1:11.47)
- obj chord 3.577 m, constant from root to the tip cap (stations: 3.573, 3.573, 3.573, 3.573, 3.573, 3.573, 3.573, 3.573)
- scaled chord: **0.3119 m** vs spec 0.278 m, so the OBJ wing is 12.2 % wider than the spec. Aspect ratio: OBJ 8.05, spec 9.03.
- no taper in the OBJ, so the CAD wing uses a constant 0.278 m chord as the spec says
- wing incidence relative to the hull datum (X axis): 2.65 deg; OBJ section t/c about 0.153 (NACA 4417 is 0.17, so the OBJ is close to it)
- the CAD wing keeps the OBJ quarter-chord position and the narrower chord is centred on it, so the CAD leading edge sits 8.5 mm aft of the scaled OBJ leading edge

## What the OBJ contains

| obj group | what it is | used for |
|---|---|---|
| fuselage | boat hull + fin + wing root fairing | hull offsets, fin planform |
| ailes | wing (fixed part) incl. winglet caps | span, chord, incidence |
| voletG/D, aileronG/D | flaps, ailerons | aileron span and chord ratio |
| derive, profondeur | h-stab, split elevator | tail planform, hinge line |
| derive2 | tailplane finlets (two) | finlets on the h-stab |
| direction | rudder | hinge and trailing edge lines |
| moteurs, bolG/D, heliceG/D | nacelles, spinners, 4-blade props | nacelle stations, prop disc |
| flotteurG/D | wingtip floats + pylons | float stations, pylon |
| roue*, axe*, trappe*, porte* | landing gear, doors | not modelled |
| ~100 cockpit objects | instruments, seats | not modelled |

Nothing the spec asks for is missing from the OBJ. The finlets (derive2) are not in the requested part list, so they are modelled as part of the h-stab body.

## Key proportions after scaling (REP-103, m)

- hull: nose x = 0.595, stern x = -1.092, keel z = -0.310, deck z = -0.017, max half beam 0.117, planing step at x = -0.140
- nacelles at y = +/-0.297, prop disc diameter 0.355 m, 4 blades, prop plane x = 0.190, axis z = 0.061
- floats at y = +/-1.152, float bottom z = -0.182
- h-stab: LE x = -0.813, hinge x = -0.957, TE x = -1.052, half span 0.468, chord line z = 0.127, t/c 0.164
- fin: root z = -0.017, tip z = 0.417, LE sweep 34.7 deg, hinge sweep 13.5 deg, t/c 0.117
- ailerons from y = 0.793 to 1.195, chord ratio 0.251

## Renders

- `renders/obj_raw_axes.png`: the file in its own axes
- `renders/obj_views.png`: top/side/front/iso after scaling and conversion to REP-103 (origin marked +)
- `renders/obj_top.png`, `obj_side.png`, `obj_front.png`: the same views, larger
-- step 2  cadquery parts
building parts ...
  wing + ailerons 1.0s
  hull lofts 14.7s, valid=True, inner outside outer 0.000 cm^3
  tank (inner 3.0000 l, outside the cavity 0.00 cm^3) 25.7s
  h-stab + elevator (inner y 20.3 mm, rudder clearance 80.4 mm) 26.8s
  fin + rudder 32.2s
  nacelles 36.3s
  props 36.7s
  floats 43.4s
exporting ...
  fuselage         vol    2479.9 cm3  area  25160.9 cm2  solids 1  valid True  tris 16000
  left_wing        vol   10796.2 cm3  area   7023.5 cm2  solids 1  valid True  tris 5000
  right_wing       vol   10796.2 cm3  area   7023.5 cm2  solids 1  valid True  tris 5000
  left_aileron     vol     472.7 cm3  area    748.6 cm2  solids 1  valid True  tris 2842
  right_aileron    vol     472.7 cm3  area    748.6 cm2  solids 1  valid True  tris 2842
  h_stab           vol    4416.1 cm3  area   3935.4 cm2  solids 1  valid True  tris 5000
  elevator         vol    1531.2 cm3  area   2054.3 cm2  solids 1  valid True  tris 5000
  v_stab           vol    2327.3 cm3  area   2019.2 cm2  solids 1  valid True  tris 5000
  rudder           vol     587.5 cm3  area   1004.0 cm2  solids 1  valid True  tris 278
  left_nacelle     vol     247.8 cm3  area   2249.5 cm2  solids 1  valid True  tris 5000
  right_nacelle    vol     247.8 cm3  area   2249.5 cm2  solids 1  valid True  tris 5000
  left_propeller   vol     137.2 cm3  area    406.7 cm2  solids 1  valid True  tris 2500
  right_propeller  vol     137.2 cm3  area    406.7 cm2  solids 1  valid True  tris 2500
  left_float       vol     164.1 cm3  area   1111.6 cm2  solids 1  valid True  tris 5000
  right_float      vol     164.1 cm3  area   1111.6 cm2  solids 1  valid True  tris 5000
  water_tank       vol     261.7 cm3  area   2616.8 cm2  solids 1  valid True  tris 440
  eq_left_motor    vol      88.3 cm3  area    109.9 cm2  solids 1  valid True  tris -
  eq_right_motor   vol      88.3 cm3  area    109.9 cm2  solids 1  valid True  tris -
  eq_left_esc      vol      31.5 cm3  area     72.0 cm2  solids 1  valid True  tris -
  eq_right_esc     vol      31.5 cm3  area     72.0 cm2  solids 1  valid True  tris -
  eq_left_aileron_servo vol      10.8 cm3  area     32.4 cm2  solids 1  valid True  tris -
  eq_right_aileron_servo vol      10.8 cm3  area     32.4 cm2  solids 1  valid True  tris -
  eq_avionics      vol     280.0 cm3  area    276.0 cm2  solids 1  valid True  tris -
  eq_elevator_servo vol      30.4 cm3  area     61.6 cm2  solids 1  valid True  tris -
  eq_rudder_servo  vol      30.4 cm3  area     61.6 cm2  solids 1  valid True  tris -
  eq_door_servo    vol      30.4 cm3  area     61.6 cm2  solids 1  valid True  tris -
  water_3L         vol    3000.0 cm3  area   1274.7 cm2  solids 1  valid True  tris -
  cavity poke-through (m^3, want 0): {'hull': '0.00e+00', 'nacelle_+1': '0.00e+00', 'nacelle_-1': '0.00e+00', 'float_+1': '0.00e+00', 'float_-1': '0.00e+00'}
rendering ...
done in 266.2s
-- step 2  interference check
# CAD interference check

Pairs whose bounding boxes overlap, with the volume their solids share.

| part A | part B | shared volume [mm^3] |
|---|---|---|
| fuselage | left_wing | 0.000 |
| fuselage | right_wing | 0.000 |
| fuselage | v_stab | 0.000 |
| fuselage | rudder | 0.000 |
| fuselage | water_tank | 0.000 |
| fuselage | eq_avionics | 0.000 |
| fuselage | eq_elevator_servo | 0.000 |
| fuselage | eq_rudder_servo | 0.000 |
| fuselage | eq_door_servo | 0.000 |
| left_wing | right_wing | 0.000 |
| left_wing | left_aileron | 0.000 |
| left_wing | left_nacelle | 0.000 |
| left_wing | left_float | 0.000 |
| left_wing | eq_left_aileron_servo | 0.000 |
| right_wing | right_aileron | 0.000 |
| right_wing | right_nacelle | 0.000 |
| right_wing | right_float | 0.000 |
| right_wing | eq_right_aileron_servo | 0.000 |
| h_stab | elevator | 0.000 |
| h_stab | v_stab | 0.000 |
| elevator | v_stab | 0.000 |
| elevator | rudder | 0.000 |
| v_stab | rudder | 0.000 |
| left_nacelle | left_propeller | 0.000 |
| left_nacelle | eq_left_motor | 0.000 |
| left_nacelle | eq_left_esc | 0.000 |
| right_nacelle | right_propeller | 0.000 |
| right_nacelle | eq_right_motor | 0.000 |
| right_nacelle | eq_right_esc | 0.000 |

Largest overlap: 0.000 mm^3.
-- step 3  mass budget and battery position
battery at [0.1411, 0.0, -0.218] (hull floor, right ahead of the tank): cg 17.7 % mac empty, 19.8 % mac full
battery at [0.0335, 0.0, -0.0973] (tray on top of the water tank): cg 28.0 % mac empty, 27.1 % mac full
battery fit (m^3, want all 0): {'outside_cavity': '0.0e+00', 'water_tank': '0.0e+00', 'eq_avionics': '0.0e+00', 'eq_door_servo': '0.0e+00', 'eq_elevator_servo': '0.0e+00', 'eq_rudder_servo': '0.0e+00'}
-- step 2b solidworks parts, assembly, mass properties
solidworks 33.4.1 (attached)
  fuselage                 m  2.0800 kg  rho     839.1  V    2479.0 cm3  cg [-0.1663, 0.0, -0.1347]   8.9s
  left_wing                m  0.5000 kg  rho      46.2  V   10815.1 cm3  cg [-0.1119, 0.6099, 0.0037]   5.2s
  right_wing               m  0.5000 kg  rho      46.3  V   10809.9 cm3  cg [-0.1119, -0.6099, 0.0037]   5.0s
  left_aileron             m  0.0350 kg  rho      74.0  V     472.9 cm3  cg [-0.227, 0.994, -0.0049]   5.2s
  right_aileron            m  0.0350 kg  rho      74.0  V     472.9 cm3  cg [-0.227, -0.994, -0.0049]   4.9s
  h_stab                   m  0.1400 kg  rho      31.7  V    4422.5 cm3  cg [-0.8819, 0.0, 0.1267]   5.4s
  elevator                 m  0.0600 kg  rho      39.2  V    1532.0 cm3  cg [-0.9821, 0.0, 0.127]   5.2s
  v_stab                   m  0.0900 kg  rho      38.6  V    2329.0 cm3  cg [-0.8811, 0.0, 0.135]   6.1s
  rudder                   m  0.0350 kg  rho      59.5  V     587.9 cm3  cg [-1.0362, 0.0, 0.1594]   5.1s
  left_nacelle             m  0.1000 kg  rho     402.5  V     248.5 cm3  cg [0.0295, 0.2973, 0.044]  11.8s
  right_nacelle            m  0.1000 kg  rho     402.5  V     248.5 cm3  cg [0.0295, -0.2973, 0.044]  11.6s
  left_propeller           m  0.0500 kg  rho     364.1  V     137.3 cm3  cg [0.1974, 0.2973, 0.0606]   8.8s
  right_propeller          m  0.0500 kg  rho     364.1  V     137.3 cm3  cg [0.1974, -0.2973, 0.0606]   8.7s
  left_float               m  0.1300 kg  rho     791.3  V     164.3 cm3  cg [-0.08, 1.1517, -0.1176]   6.0s
  right_float              m  0.1300 kg  rho     791.3  V     164.3 cm3  cg [-0.08, -1.1517, -0.1176]   6.0s
  water_tank               m  0.2500 kg  rho     955.4  V     261.7 cm3  cg [-0.0694, 0.0, -0.1877]   4.9s
  eq_left_motor            m  0.3000 kg  rho    3395.3  V      88.4 cm3  cg [0.1375, 0.2973, 0.0606]   4.9s
  eq_right_motor           m  0.3000 kg  rho    3395.3  V      88.4 cm3  cg [0.1375, -0.2973, 0.0606]   4.9s
  eq_left_esc              m  0.0700 kg  rho    2222.2  V      31.5 cm3  cg [0.06, 0.2973, 0.045]   4.9s
  eq_right_esc             m  0.0700 kg  rho    2222.2  V      31.5 cm3  cg [0.06, -0.2973, 0.045]   4.9s
  eq_left_aileron_servo    m  0.0350 kg  rho    3240.7  V      10.8 cm3  cg [-0.16, 0.9, 0.0028]   4.9s
  eq_right_aileron_servo   m  0.0350 kg  rho    3240.7  V      10.8 cm3  cg [-0.16, -0.9, 0.0028]   4.8s
  eq_avionics              m  0.3000 kg  rho    1071.4  V     280.0 cm3  cg [0.35, 0.0, -0.1]   4.9s
  eq_elevator_servo        m  0.0350 kg  rho    1151.3  V      30.4 cm3  cg [-0.7, 0.0105, -0.09]   4.7s
  eq_rudder_servo          m  0.0350 kg  rho    1151.3  V      30.4 cm3  cg [-0.7, -0.0105, -0.09]   4.8s
  eq_door_servo            m  0.0350 kg  rho    1151.3  V      30.4 cm3  cg [-0.0694, 0.0, -0.268]   5.0s
  eq_battery               m  2.0000 kg  rho    2060.1  V     970.8 cm3  cg [0.0335, 0.0, -0.0973]   5.2s
  water_3L                 m  3.0000 kg  rho    1000.0  V    3000.0 cm3  cg [-0.0694, 0.0, -0.1877]   5.2s
  assembly full : m 10.5000 kg, cg [-0.0754, 0.0, -0.1007]
  assembly empty: m 7.5000 kg, cg [-0.0779, 0.0, -0.0659]
done in 378s
-- step 3  link inertials from solidworks
# Step 3: mass properties

Numbers measured by SolidWorks (33.4.1) on the parts in `cad/solidworks/`, each part at the density that gives its budget mass. Frame: REP-103, origin at the wing leading edge root, which is also the leading edge of the mean chord because the wing is rectangular. CG % MAC is taken along the body X axis: (x_LE - x_cg) / MAC.

## Mass breakdown

| item | SolidWorks part | URDF link | mass [kg] | density [kg/m^3] |
|---|---|---|---:|---:|
| Hull: composite skin, frames, step, wing saddle (1.70) plus wiring, connectors, plumbing and fasteners (0.38), spread over the hull skin | fuselage | fuselage | 2.080 | 839 |
| Left wing half, foam core + glass skin + spar | left_wing | left_wing | 0.500 | 46 |
| Right wing half | right_wing | right_wing | 0.500 | 46 |
| Left aileron | left_aileron | left_aileron | 0.035 | 74 |
| Right aileron | right_aileron | right_aileron | 0.035 | 74 |
| H-stab incl. finlets | h_stab | h_stab | 0.140 | 32 |
| Elevator (both halves + torque tube) | elevator | elevator | 0.060 | 39 |
| V-stab | v_stab | v_stab | 0.090 | 39 |
| Rudder | rudder | rudder | 0.035 | 60 |
| Left nacelle fairing | left_nacelle | left_nacelle | 0.100 | 402 |
| Right nacelle fairing | right_nacelle | right_nacelle | 0.100 | 402 |
| Left 14x7 prop + spinner | left_propeller | left_propeller | 0.050 | 364 |
| Right 14x7 prop + spinner | right_propeller | right_propeller | 0.050 | 364 |
| Left float + pylon | left_float | left_float | 0.130 | 791 |
| Right float + pylon | right_float | right_float | 0.130 | 791 |
| Water tank, empty, with outlet valve | water_tank | water_tank | 0.250 | 955 |
| Left motor, 600-800 W outrunner | eq_left_motor | left_nacelle | 0.300 | 3395 |
| Right motor | eq_right_motor | right_nacelle | 0.300 | 3395 |
| Left ESC | eq_left_esc | left_nacelle | 0.070 | 2222 |
| Right ESC | eq_right_esc | right_nacelle | 0.070 | 2222 |
| Left aileron servo | eq_left_aileron_servo | left_wing | 0.035 | 3241 |
| Right aileron servo | eq_right_aileron_servo | right_wing | 0.035 | 3241 |
| Avionics: FC, GPS, telemetry, RC receiver, power module, airspeed | eq_avionics | fuselage | 0.300 | 1071 |
| Elevator servo | eq_elevator_servo | fuselage | 0.035 | 1151 |
| Rudder servo | eq_rudder_servo | fuselage | 0.035 | 1151 |
| Tank door servo | eq_door_servo | fuselage | 0.035 | 1151 |
| Battery, 6S 16 Ah LiPo (355 Wh) | eq_battery | fuselage | 2.000 | 2060 |
| **Dry total** | | | **7.500** | |
| Water, 3 L | water_3L | water_tank | 3.000 | 1000 |
| **Take-off total** | | | **10.500** | |

The density column is just budget mass over CAD volume, so it is an equivalent density. The hull, nacelles and floats are hollow skins (2.0, 1.5 and 1.5 mm), so their mass sits at the skin, as it does on the real thing. Wings and tail surfaces are solid (foam core). Equipment items are boxes or cylinders of their real size at their mounting point.

Where the numbers come from: composite hull at about 1.3 kg/m^2 of skin plus frames, foam/glass wing at about 1.4 kg/m^2 of planform, 600-800 W outrunners with 14x7 props, a 355 Wh battery (roughly 40 min at a 500 W cruise), 35 g servos. The battery takes whatever is left of the 7.5 kg dry budget.

## CG check and battery position

- hull floor, right ahead of the tank: battery centre at (0.141, 0.000, -0.218) m -> CG 17.7 % MAC empty, 19.8 % MAC full (CAD-mesh estimate)
- tray on top of the water tank: battery centre at (0.033, 0.000, -0.097) m -> CG 28.0 % MAC empty, 27.1 % MAC full (CAD-mesh estimate)
- The first spot puts the CG ahead of the 25-30 % band, so the battery moved 108 mm aft and 121 mm up, onto a tray on top of the water tank.
- Fit check of the battery box: 0.00 cm^3 outside the hull cavity, 0.00 cm^3 overlap with the tank and the other equipment.
- With the SolidWorks numbers: **28.0 % MAC empty, 27.1 % MAC full**, inside the 25-30 % band.

## Aircraft totals (SolidWorks)

| | tank full | tank empty |
|---|---:|---:|
| mass [kg] | 10.500 | 7.500 |
| CG x [m] | -0.0754 | -0.0779 |
| CG y [m] | 0.0000 | 0.0000 |
| CG z [m] | -0.1007 | -0.0659 |
| CG [% MAC] | 27.1 | 28.0 |
| Ixx about CG [kg m^2] | 1.2097 | 1.1698 |
| Iyy about CG [kg m^2] | 0.8972 | 0.8529 |
| Izz about CG [kg m^2] | 1.8900 | 1.8744 |
| Ixz about CG [kg m^2] | 0.0488 | 0.0466 |
| Ixy about CG [kg m^2] | -0.0000 | -0.0000 |
| Iyz about CG [kg m^2] | -0.0000 | -0.0000 |

Products of inertia are in tensor form (Ixz = -integral of xz dm), which is what URDF and SDF expect. SolidWorks prints +integral of xz dm in its Mass Properties window, so the signs there are flipped.

Filling the tank moves the CG by 2.4 mm in x and -34.8 mm in z (0.9 % MAC): the water centroid sits on the wing quarter chord, next to the dry CG, and low in the hull.

## Cross-checks

- Sum of the parts vs the SolidWorks assembly (Full / Empty configurations): mass differs by 1.9e-10 / 1.8e-10 kg, CG by 0.0000 / 0.0000 mm, inertia by 2.1e-10 / 2.0e-10 kg m^2.
- SolidWorks vs the CadQuery mesh estimate, whole aircraft: CG 27.14 vs 27.14 % MAC full.
- Per part, the largest CoM difference is 0.15 mm (left_nacelle) and the largest inertia difference 0.27 % (right_propeller); the mesh is a little smaller than the exact surfaces.

## Per-link inertials (as written to the URDF)

Inertia about each link CoM, in the link frame. Fixed links share the base_link frame; control surfaces sit on their hinge lines; the propeller frames are turned so their Z axis points forward.

| link | parts | mass [kg] | CoM in link frame [m] | ixx | iyy | izz | ixy | ixz | iyz |
|---|---|---:|---|---:|---:|---:|---:|---:|---:|
| fuselage | fuselage, eq_avionics, eq_elevator_servo, eq_rudder_servo, eq_door_servo, eq_battery | 4.4850 | (-0.0503, 0.0000, -0.1161) | 3.544e-02 | 5.117e-01 | 5.040e-01 | 6.61e-06 | 6.31e-03 | -3.81e-06 |
| left_wing | left_wing, eq_left_aileron_servo | 0.5350 | (-0.1150, 0.6289, 0.0037) | 6.798e-02 | 2.095e-03 | 6.993e-02 | -5.22e-04 | -7.43e-05 | -6.46e-05 |
| right_wing | right_wing, eq_right_aileron_servo | 0.5350 | (-0.1150, -0.6289, 0.0037) | 6.799e-02 | 2.094e-03 | 6.994e-02 | 5.24e-04 | -7.44e-05 | 6.42e-05 |
| left_aileron | left_aileron | 0.0350 | (-0.0184, -0.0000, -0.0026) | 4.633e-04 | 1.441e-05 | 4.751e-04 | 0.00e+00 | -1.75e-06 | 0.00e+00 |
| right_aileron | right_aileron | 0.0350 | (-0.0184, -0.0000, -0.0026) | 4.633e-04 | 1.441e-05 | 4.751e-04 | 0.00e+00 | -1.75e-06 | 0.00e+00 |
| h_stab | h_stab | 0.1400 | (-0.8819, 0.0000, 0.1267) | 9.822e-03 | 2.198e-04 | 9.950e-03 | -8.94e-09 | 7.67e-08 | -3.80e-08 |
| elevator | elevator | 0.0600 | (-0.0251, 0.0000, 0.0000) | 4.951e-03 | 4.283e-05 | 4.989e-03 | -2.75e-11 | 6.46e-11 | 1.98e-10 |
| v_stab | v_stab | 0.0900 | (-0.8811, 0.0000, 0.1350) | 1.204e-03 | 1.759e-03 | 5.749e-04 | -7.84e-09 | 5.63e-04 | -3.29e-09 |
| rudder | rudder | 0.0350 | (-0.0802, 0.0000, 0.1767) | 4.790e-04 | 5.200e-04 | 4.309e-05 | -2.58e-10 | 9.13e-05 | -7.30e-11 |
| left_nacelle | left_nacelle, eq_left_motor, eq_left_esc | 0.4700 | (0.1030, 0.2973, 0.0547) | 3.160e-04 | 3.440e-03 | 3.359e-03 | 1.40e-07 | -9.12e-05 | 7.14e-08 |
| right_nacelle | right_nacelle, eq_right_motor, eq_right_esc | 0.4700 | (0.1030, -0.2973, 0.0547) | 3.161e-04 | 3.440e-03 | 3.359e-03 | 1.40e-07 | -9.11e-05 | 6.71e-08 |
| left_propeller | left_propeller | 0.0500 | (-0.0000, 0.0000, 0.0079) | 6.452e-05 | 6.452e-05 | 1.110e-04 | -4.17e-11 | -7.42e-10 | 1.95e-10 |
| right_propeller | right_propeller | 0.0500 | (-0.0000, -0.0000, 0.0079) | 6.452e-05 | 6.453e-05 | 1.110e-04 | 1.40e-09 | -2.60e-10 | -1.63e-10 |
| left_float | left_float | 0.1300 | (-0.0800, 1.1517, -0.1176) | 2.736e-04 | 9.504e-04 | 7.415e-04 | -3.63e-08 | -4.46e-05 | 1.43e-09 |
| right_float | right_float | 0.1300 | (-0.0800, -1.1517, -0.1176) | 2.736e-04 | 9.504e-04 | 7.415e-04 | -3.63e-08 | -4.46e-05 | 1.43e-09 |
| water_tank (full) | water_tank, water_3L | 3.2500 | (-0.0694, 0.0000, -0.1877) | 9.279e-03 | 1.405e-02 | 1.742e-02 | 0.00e+00 | 0.00e+00 | 0.00e+00 |
| water_tank (empty) | water_tank | 0.2500 | (-0.0694, 0.0000, -0.1877) | 1.185e-03 | 1.636e-03 | 1.972e-03 | 0.00e+00 | 0.00e+00 | 0.00e+00 |
-- step 4  aero parameters
# Step 4: aerodynamic parameters for the Gazebo LiftDrag plugin

Generated by `aero/aero_params.py`. Every number below is computed in that script from the CAD areas (`cad/geometry.json`) and the SolidWorks mass properties (`mass/mass_props.json`). Angles in the plugin are in radians; degrees are given alongside.

## Flight condition

- weight W = 10.50 kg x 9.81 = 103.0 N (tank full)
- wing: S = 0.6980 m^2 (CAD planform, both halves), b = 2.51 m, c = 0.278 m, AR = b^2/S = 9.025
- design cruise V = 20.0 m/s: q = 245.0 Pa, Re = Vc/nu = 3.81e+05, M = 0.059 (beta = 0.9983, so compressibility is ignored)
- cruise lift coefficient CL = W/(qS) = 0.602

## Wing (NACA 4417), one LiftDrag element per half

Zero-lift angle and pitching moment from thin airfoil theory on the 4417 camber line (m = 0.04, p = 0.4), integrated numerically with x = (1 - cos theta)/2:

- alpha_L0 = -(1/pi) int (dz/dx)(cos theta - 1) dtheta = **-4.15 deg** (-0.0725 rad). Abbott & von Doenhoff list about -4.0 deg for the 4415 and 4418, so this is consistent.
- A1 = 0.1630, A2 = 0.0277, cm_c/4 = (pi/4)(A2 - A1) = -0.106

2-D lift slope: a0 = kappa 2 pi = 0.95 x 2 pi = 5.969 /rad (0.1042 /deg).

Finite-wing slope, DATCOM/Helmbold form (Raymer eq. 12.6), unswept:

    a = 2 pi AR / (2 + sqrt(4 + (AR beta/kappa)^2)) = 2 pi 9.025 / (2 + sqrt(4 + (9.025 x 0.9983 / 0.95)^2)) = **4.850 /rad**

Stall: CLmax_2D = 1.35 (4417 at Re ~4e5, A&vD values scaled down for the low Re), CLmax_3D = 0.9 x CLmax_2D = 1.215. Angle from the zero-lift line: CLmax/a + 1.5 deg = 14.35 + 1.5 = **15.85 deg** (0.2767 rad), i.e. 11.7 deg to the chord, 9.0 deg body AoA.

Plugin offset: forward = body +X, upward = body +Z, so a0 = i_w - alpha_L0 = 2.65 + 4.15 = **6.80 deg** (0.1188 rad). Zero lift then happens at a body AoA of -6.80 deg.

Drag. The plugin only knows cd = |cda alpha| with alpha measured from zero lift, so it has no separate CD0. The whole-aircraft drag at the cruise point is put on the two wing halves:

| component | Cf (turbulent) | form factor | Q | S_wet [m^2] | CD0 contribution |
|---|---:|---:|---:|---:|---:|
| hull (step + spray rails, Q = 1.25) | 0.00384 | 1.172 | 1.25 | 1.258 | 0.01014 |
| nacelles (Q = 1.3) | 0.00494 | 1.069 | 1.30 | 0.225 | 0.00221 |
| floats + pylons (Q = 1.2) | 0.00546 | 1.200 | 1.20 | 0.111 | 0.00125 |
| h-stab + elevator | 0.00556 | 1.386 | 1.05 | 0.456 | 0.00528 |
| fin + rudder + finlets | 0.00527 | 1.261 | 1.05 | 0.356 | 0.00356 |
| wing profile drag (4417 at Re 4e5) | | | | | 0.01200 |
| leakage and protuberances | | | | | +10 % of the non-wing items |
| **CD0** | | | | | **0.0367** |

- Oswald factor (Raymer eq. 12.48) e = 1.78(1 - 0.045 AR^0.68) - 0.64 = 0.782
- at cruise: CDi = CL^2/(pi e AR) = 0.0164, CD = 0.0530, L/D = 11.4, drag = 9.1 N
- plugin alpha at cruise = CL/a = 0.1242 rad, so **cda = CD/alpha = 0.427 /rad**. That reproduces the polar at cruise, overestimates drag a little near stall and underestimates it near zero lift.

Post-stall (rough): lift falls to 60 % of CLmax 15 deg past stall, cla_stall = -0.4 CLmax / 15 deg = -1.856 /rad; drag reaches a flat-plate-like CD ~ 1 at 45 deg, cda_stall = 1.733 /rad.

Centre of pressure: quarter chord of each half at its area centroid, cp = (-0.0694, +/-0.6275, -0.0032) m in base_link. A single point per half at b/4 gives roll damping Clp = -2 a (y/b)^2 = -0.606, close to DATCOM for a rectangular AR 9 wing (about -0.6), so the area centroid is a reasonable single point.

Pitching moment: the 4417 has cm_ac = -0.106, a constant. LiftDrag can only do cm = cma alpha, which would add a fake pitch stiffness, so cma = 0 on the wing and the camber moment is left out. In practice the sim needs a bit less up-elevator to trim than the real aircraft would.

## Ailerons (coupled to the wing halves)

- chord ratio E = cf/c = 0.250; thin airfoil: theta_h = acos(2E - 1) = 2.0944, tau = 1 - theta_h/pi + sin(theta_h)/pi = **0.609**, dcm/ddelta = -1/2 sin(theta_h)(1 - cos(theta_h)) = -0.650
- flapped share of a half wing: c (y1 - y0) / S_half = 0.278 x 0.402 / 0.3490 = 0.320
- half-wing lift per radian: dCL/ddelta = a tau (S_flapped/S_half) = 4.850 x 0.609 x 0.320 = 0.946
- the plugin puts that lift at the half-wing cp (y = 0.6275) but it really acts at the aileron centre (y = 0.994), so the coefficient is scaled by 1.584 to keep the roll moment right: **control_joint_rad_to_cl = 1.498**. Ailerons move in opposite directions, so the extra lift cancels and only the roll moment remains.
- resulting roll control power Cl_delta_a = 2 dCL S_half y_ail / (S b) = 0.3745 /rad per aileron degree of differential (both deflected by delta)
- cm_delta = 0.9 dcm/ddelta (S_flapped/S_half) c = -0.05204 (chord factor because the plugin applies cm q S)

## Horizontal tail (NACA 0016) with elevator

- S_h = 0.2237 m^2 (CAD, gross through the fin), span 0.936 m, AR_h = 3.916, incidence 0 (OBJ)
- a_h = 2 pi AR_h / (2 + sqrt(4 + (AR_h/kappa)^2)) = **3.742 /rad**
- downwash: deps/dalpha = 2 a_w / (pi AR) = 0.3421; at zero body AoA the wing CL is a_w a0_w = 0.576, so eps0 = 0.0406 rad (2.33 deg)
- the plugin sees free-stream flow at the tail, so downwash and the tail dynamic pressure ratio (eta_t = 0.9) are folded into the coefficients:
    cla_eff = a_h eta_t (1 - deps/dalpha) = 3.742 x 0.9 x 0.6579 = **2.216 /rad**
    a0_eff = (i_t - deps/dalpha a0_w) / (1 - deps/dalpha) = **-0.0618 rad** (-3.54 deg)
- stall: CLmax_t = 0.9 x 1.2 = 1.08, true tail angle 18.0 deg, in plugin alpha (divide by 1 - deps/dalpha) **0.4785 rad**
- elevator: E = 0.397, tau = 0.746; the CAD elevator covers 0.854 of the full-span flapped strip (fin gap, rudder cut-outs); **control_joint_rad_to_cl = a_h tau coverage eta_t = 2.145**, cm_delta = -0.09750
- drag: cda linearised at 5 deg with CD0 = 0.008 and e = 0.8, cda = 0.216 /rad
- tail volume V_H = S_h l_h / (S c) = 0.2237 x 0.8033 / (0.6980 x 0.278) = 0.926 (the CL-415 has a big tail)

## Vertical tail (NACA 0012) + finlets, one element, with rudder

- fin + rudder above the deck: S_v = 0.1264 m^2, height 0.4343 m, geometric AR = 1.492; the hull below and the stab at mid-height act as end plates, effective AR = 1.5 x 1.492 = 2.239
- half-chord sweep 21.8 deg; a_v = helmbold(AR_eff, sweep) = 2.690 /rad
- finlets (two, on the stab): 0.0480 m^2 total, AR 2.13 each, a_fl = 2.673 /rad
- one element for all vertical area: S = 0.1744 m^2, cla = (a_v S_v + a_fl S_fl)/S x eta_v = **2.417 /rad**, a0 = 0 (symmetric), cp = area-weighted quarter-chord point (-0.8798, 0, 0.1560)
- forward = +X, upward = +Y, so the plugin angle is the sideslip; alpha_stall = 23 deg (low AR fins stall late)
- rudder: E = 0.380 (mean of root and tip), tau = 0.732. Positive rudder = trailing edge left, which pushes the tail right (-Y), so **control_joint_rad_to_cl = -a_v tau eta_v S_v/S = -1.284**, cm_delta = 0.10940
- drag: cda = 0.209 /rad (linearised at 0.1 rad sideslip)
- vertical tail volume V_V = S l_v / (S_w b) = 0.080

## Static margin check

- neutral point from the surfaces only (what the plugin model contains): h_n = 0.25 + eta V_H (a_h/a_w)(1 - deps/dalpha) = 0.673
- hull destabilising term (Gilruth/Raymer, K_f = 0.011/deg at 39 % hull length): dCm/dalpha = 0.292 /rad, shifts h_n forward by 0.060, so h_n ~ 0.613 for the real aircraft
- full: CG at 27.1 % MAC, static margin 34 % MAC (plugin model 40 %)
- empty: CG at 28.0 % MAC, static margin 33 % MAC (plugin model 39 %)
- a big margin, as expected with V_H near 0.9. Elevator authority is the thing to watch at low speed.

## Propulsion (MulticopterMotorModel, one per propeller)

- prop D = 0.3554 m (OBJ scaled), 14x7 class. Static coefficients assumed CT = 0.085, CP = 0.045.
- max 8500 rpm = 890.1 rad/s: T_max = CT rho n^2 D^4 = 33.3 N per motor, 0.65 T/W with both (tank full); shaft power 889 W each
- motorConstant = T_max / w_max^2 = **4.2079e-05 N/(rad/s)^2**, momentConstant = (CP/2pi) D / CT = **0.0299 m**
- cruise needs 9.1 N total. The plugin thrust is static (no advance-ratio drop), so in flight it gives more thrust per rpm than a real prop would.
- props counter-rotate: left one clockwise seen from behind (positive about +X), right one counter-clockwise, both blades going up on the outboard side. The CAD blades are pitched to match.

## Plugin parameters (all elements on base_link; fixed links are lumped into it in SDF)

| element | area [m^2] | cp [m] | a0 [rad] | cla | cda | alpha_stall [rad] | cla_stall | cda_stall | control joint | rad_to_cl | cm_delta |
|---|---:|---|---:|---:|---:|---:|---:|---:|---|---:|---:|
| left_wing | 0.3490 | (-0.0694, 0.6275, -0.0032) | 0.1188 | 4.850 | 0.427 | 0.2767 | -1.856 | 1.733 | left_aileron_joint | 1.498 | -0.05204 |
| right_wing | 0.3490 | (-0.0694, -0.6275, -0.0032) | 0.1188 | 4.850 | 0.427 | 0.2767 | -1.856 | 1.733 | right_aileron_joint | 1.498 | -0.05204 |
| h_stab | 0.2237 | (-0.8727, 0.0000, 0.1270) | -0.0618 | 2.216 | 0.216 | 0.4785 | -1.108 | 1.000 | elevator_joint | 2.145 | -0.09750 |
| v_stab | 0.1744 | (-0.8798, 0.0000, 0.1560) | 0.0000 | 2.417 | 0.209 | 0.4014 | -1.208 | 1.000 | rudder_joint | -1.284 | 0.10940 |

Known limits of this model: no constant wing pitching moment, no downwash lag, no propeller slipstream, no hull lift or side force, linear control effectiveness up to the joint limits, and drag tuned to one point. Good enough for controller work and sanity flights; swap to AdvancedLiftDrag with a full derivative set once wind-tunnel or XFLR5 data exists.

Stall speed at 10.5 kg: V_s = sqrt(2W/(rho S CLmax)) = 14.1 m/s.
-- step 4  generated xacro
wrote cl415_description\urdf\cl415_generated.xacro 299 lines
-- wsl tools/export_sdf.sh
cl415_description/models/cl415_full: 7 links, 12 plugins, mass 10.234999999999999 kg on base_link
cl415_description/models/cl415_empty: 7 links, 12 plugins, mass 7.2349999999999994 kg on base_link
-- wsl verify/run_sim_tests.sh

Summary: 1 package finished [1.58s]
GZ_SIM_RESOURCE_PATH after sourcing: /home/test/cl415_ws/install/cl415_description/share:/opt/ros/jazzy/share
== water_full (world:=water tank:=full)
   wall time 38 s for 30 s of sim
[ERROR] [gazebo-1]: process has died [pid 539, exit code -15, cmd 'ruby /opt/ros/jazzy/opt/gz_tools_vendor/bin/gz sim -r -s -v 3 /home/test/cl415_ws/install/cl415_description/share/cl415_description/worlds/water.sdf --force-version 8'].
30.0000,-0.44975040844590053,-0.011389928083130474,0.2516296142721327,-0.09171948620327738,-0.06965647027921414,-0.00818608384700946,0.0929214661155165,0.05102858683997967,-0.1463139619862847
== water_full_damped (world:=water tank:=full water_damping:=true)
   wall time 39 s for 30 s of sim
[ERROR] [gazebo-1]: process has died [pid 702, exit code -15, cmd 'ruby /opt/ros/jazzy/opt/gz_tools_vendor/bin/gz sim -r -s -v 3 /home/test/cl415_ws/install/cl415_description/share/cl415_description/worlds/water.sdf --force-version 8'].
30.0000,-0.04540761206083249,-0.00019668419638234992,0.24526468631304263,-0.05618176992894182,-0.07915917110024434,0.006407253604412221,-0.00019716637620097768,-0.0001474905597411834,0.001190822286710495
== water_empty_damped (world:=water tank:=empty water_damping:=true)
   wall time 39 s for 30 s of sim
[ERROR] [gazebo-1]: process has died [pid 862, exit code -15, cmd 'ruby /opt/ros/jazzy/opt/gz_tools_vendor/bin/gz sim -r -s -v 3 /home/test/cl415_ws/install/cl415_description/share/cl415_description/worlds/water.sdf --force-version 8'].
30.0000,-0.003677926083513194,0.0008155822345076894,0.26790507012224585,-0.07996333643225778,-0.09639187391994045,0.013013086171218775,0.0021804295891676047,-0.0014782888396255918,0.0031829908317760136
== ground_full (world:=ground tank:=full)
   wall time 22 s for 15 s of sim
[ERROR] [gazebo-1]: process has died [pid 1022, exit code -15, cmd 'ruby /opt/ros/jazzy/opt/gz_tools_vendor/bin/gz sim -r -s -v 3 /home/test/cl415_ws/install/cl415_description/share/cl415_description/worlds/ground.sdf --force-version 8'].
15.0000,-1.5956762281385417e-06,-4.980655723466842e-12,0.30653910874962403,-1.0791601613923104e-12,5.1529682863654715e-08,9.316384360700024e-12,0.0,0.0,0.0
== water_actuate (world:=water tank:=full water_damping:=true)
   wall time 27 s for 20 s of sim
[ERROR] [gazebo-1]: process has died [pid 1179, exit code -15, cmd 'ruby /opt/ros/jazzy/opt/gz_tools_vendor/bin/gz sim -r -s -v 3 /home/test/cl415_ws/install/cl415_description/share/cl415_description/worlds/water.sdf --force-version 8'].
20.0000,11.386868017800037,10.294444048696336,0.24525664542676018,-0.056200287239819235,-0.0791125288111808,0.06930910643269349,-0.0268534395016811,-0.001014701982069385,0.008870173798071484
== sdf_only (models/cl415_full in worlds/water_cl415.sdf, gz only)
  position {
    x: -0.35260527309785689
    y: -0.014274356246090568
    z: 0.22953178441275221
sim_time {
  sec: 21
  nsec: 876000000
--
real_time_factor: 0.92279014829237682
step_size {
all runs done
# Step 5: headless Gazebo checks

Gazebo Harmonic (gz-sim 8.9) with ROS 2 Jazzy in the `AMR` WSL distro, launched through `ros2 launch cl415_description sim.launch.py headless:=true ...` by `verify/run_sim_tests.sh`. `verify/sim_probe.py` records `/cl415/odometry` and `/joint_states` through the bridge. Plots in `verify/plots/`.

## Floating on water

Expected attitude from the collision boxes (what the graded buoyancy system integrates), solved in `verify/hydrostatics.py`: buoyancy equals weight and the moments about the CG vanish. The level-hull case is unstable in roll, so the solution leans onto one float, like the real aircraft at rest.

| run | base z [m] | keel depth [m] | roll [deg] | pitch [deg] | z ripple last 5 s [mm] | status |
|---|---:|---:|---:|---:|---:|---|
| full, no damping | 0.2475 | 0.0627 | -0.04 | -4.32 | 74.4 | floats, no blow-up (max speed 0.58 m/s) |
| full, damped | 0.2452 | 0.0649 | -3.22 | -4.52 | 0.8 | floats, no blow-up (max speed 0.08 m/s) |
| empty, damped | 0.2674 | 0.0428 | -4.37 | -5.54 | 5.7 | floats, no blow-up (max speed 0.21 m/s) |
| predicted, tank full | 0.2383 | 0.0718 | +/-2.73 | -3.39 | | exact box clipping |
| predicted, tank empty | 0.2516 | 0.0585 | +/-3.38 | -3.62 | | exact box clipping |

Pitch in ROS convention (positive = nose down), so the negative values mean bow up. The real CAD hull would float level at a keel draft of 85 mm (full) and 72 mm (empty); the collision boxes are flat-bottomed, so they float a bit shallower than the vee hull.

## Sitting on hard ground

Spawned at z = 0.318 m. After 15 s: base z = 0.3065 m (keel box bottom at -0.0000 m), roll -0.00 deg, pitch +0.00 deg, z ripple 0.00 mm, max speed after 2 s 0.000 m/s. It rests on the flat bottoms of the hull boxes, with no jitter or drift.

## Control surfaces and motors (on water, damped)

| joint | command at 3 s [rad] | reached at 5.5 s [rad] | rise time 10-90 % [s] | after +1.0 rad command at 6 s |
|---|---:|---:|---:|---|
| left_aileron_joint | +0.30 | +0.3001 | 0.040 |  |
| right_aileron_joint | -0.30 | -0.3001 | 0.040 |  |
| elevator_joint | +0.20 | +0.2014 | 0.040 | max 0.4363 rad (limit 0.4363) |
| rudder_joint | +0.40 | +0.3998 | 0.040 |  |

Motors at 600 rad/s from 8 to 14 s: joint speed +60.0 (left) and -60.0 (right) rad/s, i.e. 600 / rotorVelocitySlowdownSim = 60 with opposite signs, as set for counter-rotation. The aircraft moved +13.919 m along +x (forward) in those 6 s and reached 4.27 m/s, so thrust points forward. Heading changed by +149.2 deg (the rudder was at +0.4 rad, trailing edge left, so some yaw is expected once it moves).

done in 17.4 min
