[INFO] [launch]: All log files can be found below /home/test/.ros/log/2026-10-03-20-11-43-497043-jimmy-1003
[INFO] [launch]: Default logging verbosity is set to INFO
[INFO] [gazebo-1]: process started with pid [1022]
[INFO] [robot_state_publisher-2]: process started with pid [1023]
[INFO] [create-3]: process started with pid [1025]
[INFO] [parameter_bridge-4]: process started with pid [1026]
[robot_state_publisher-2] [INFO] [1791047504.410317025] [robot_state_publisher]: Robot initialized
[create-3] [INFO] [1791047504.475610399] [ros_gz_sim]: Requesting list of world names.
[create-3] [INFO] [1791047505.085895803] [ros_gz_sim]: Waiting messages on topic [robot_description].
[create-3] [INFO] [1791047505.099524969] [ros_gz_sim]: Entity creation successful.
[INFO] [create-3]: process has finished cleanly [pid 1025]
[parameter_bridge-4] [INFO] [1791047505.561412713] [ros_gz_bridge]: Creating GZ->ROS Bridge: [/clock (gz.msgs.Clock) -> /clock (rosgraph_msgs/msg/Clock)] (Lazy 0)
[parameter_bridge-4] [INFO] [1791047505.563855080] [ros_gz_bridge]: Creating GZ->ROS Bridge: [/cl415/joint_states (gz.msgs.Model) -> /joint_states (sensor_msgs/msg/JointState)] (Lazy 0)
[parameter_bridge-4] [INFO] [1791047505.569389387] [ros_gz_bridge]: Creating GZ->ROS Bridge: [/cl415/odometry (gz.msgs.Odometry) -> /cl415/odometry (nav_msgs/msg/Odometry)] (Lazy 0)
[parameter_bridge-4] [INFO] [1791047505.574054292] [ros_gz_bridge]: Creating GZ->ROS Bridge: [/cl415/imu (gz.msgs.IMU) -> /cl415/imu (sensor_msgs/msg/Imu)] (Lazy 0)
[parameter_bridge-4] [INFO] [1791047505.576214113] [ros_gz_bridge]: Creating ROS->GZ Bridge: [/cl415/cmd/left_aileron (std_msgs/msg/Float64) -> /cl415/cmd/left_aileron (gz.msgs.Double)] (Lazy 0)
[parameter_bridge-4] [INFO] [1791047505.577601325] [ros_gz_bridge]: Creating ROS->GZ Bridge: [/cl415/cmd/right_aileron (std_msgs/msg/Float64) -> /cl415/cmd/right_aileron (gz.msgs.Double)] (Lazy 0)
[parameter_bridge-4] [INFO] [1791047505.578548472] [ros_gz_bridge]: Creating ROS->GZ Bridge: [/cl415/cmd/elevator (std_msgs/msg/Float64) -> /cl415/cmd/elevator (gz.msgs.Double)] (Lazy 0)
[parameter_bridge-4] [INFO] [1791047505.579708111] [ros_gz_bridge]: Creating ROS->GZ Bridge: [/cl415/cmd/rudder (std_msgs/msg/Float64) -> /cl415/cmd/rudder (gz.msgs.Double)] (Lazy 0)
[parameter_bridge-4] [INFO] [1791047505.580423847] [ros_gz_bridge]: Creating ROS->GZ Bridge: [/cl415/command/motor_speed (actuator_msgs/msg/Actuators) -> /cl415/command/motor_speed (gz.msgs.Actuators)] (Lazy 0)
[gazebo-1] [1;33m[Wrn] [MulticopterMotorModel.cc:295] [0m[1;33m<motorNumber> is depricated, [0m[1;33mplease use <actuator_number>.[0m
[gazebo-1] [1;33m[Wrn] [MulticopterMotorModel.cc:295] [0m[1;33m<motorNumber> is depricated, [0m[1;33mplease use <actuator_number>.[0m
[gazebo-1] [1;32m[Msg] [0m[1;32mGazebo Sim Server v[0m[1;32m8.9.0[0m[1;32m[0m
[gazebo-1] [1;32m[Msg] [0m[1;32mLoading SDF world file[[0m[1;32m/home/test/cl415_ws/install/cl415_description/share/cl415_description/worlds/ground.sdf[0m[1;32m].[0m
[gazebo-1] [1;32m[Msg] [0m[1;32mServing entity system service on [[0m[1;32m/[0m[1;32mentity/system/add[0m[1;32m][0m[1;32m[0m
[gazebo-1] [1;32m[Msg] [0m[1;32mCreate service on [[0m[1;32m/world/ground/create[0m[1;32m][0m[1;32m[0m
[gazebo-1] [1;32m[Msg] [0m[1;32mRemove service on [[0m[1;32m/world/ground/remove[0m[1;32m][0m[1;32m[0m
[gazebo-1] [1;32m[Msg] [0m[1;32mPose service on [[0m[1;32m/world/ground/set_pose[0m[1;32m][0m[1;32m[0m
[gazebo-1] [1;32m[Msg] [0m[1;32mPose service on [[0m[1;32m/world/ground/set_pose_vector[0m[1;32m][0m[1;32m[0m
[gazebo-1] [1;32m[Msg] [0m[1;32mLight configuration service on [[0m[1;32m/world/ground/light_config[0m[1;32m][0m[1;32m[0m
[gazebo-1] [1;32m[Msg] [0m[1;32mPhysics service on [[0m[1;32m/world/ground/set_physics[0m[1;32m][0m[1;32m[0m
[gazebo-1] [1;32m[Msg] [0m[1;32mSphericalCoordinates service on [[0m[1;32m/world/ground/set_spherical_coordinates[0m[1;32m][0m[1;32m[0m
[gazebo-1] [1;32m[Msg] [0m[1;32mEnable collision service on [[0m[1;32m/world/ground/enable_collision[0m[1;32m][0m[1;32m[0m
[gazebo-1] [1;32m[Msg] [0m[1;32mDisable collision service on [[0m[1;32m/world/ground/disable_collision[0m[1;32m][0m[1;32m[0m
[gazebo-1] [1;32m[Msg] [0m[1;32mMaterial service on [[0m[1;32m/world/ground/visual_config[0m[1;32m][0m[1;32m[0m
[gazebo-1] [1;32m[Msg] [0m[1;32mMaterial service on [[0m[1;32m/world/ground/wheel_slip[0m[1;32m][0m[1;32m[0m
[gazebo-1] [1;32m[Msg] [0m[1;32mLoaded level [[0m[1;32mdefault[0m[1;32m][0m[1;32m[0m
[gazebo-1] [1;32m[Msg] [0m[1;32mServing world controls on [[0m[1;32m/world/ground[0m[1;32m/control], [[0m[1;32m/world/ground[0m[1;32m/control/state] and [[0m[1;32m/world/ground[0m[1;32m/playback/control][0m[1;32m[0m
[gazebo-1] [1;32m[Msg] [0m[1;32mServing GUI information on [[0m[1;32m/world/ground[0m[1;32m/[0m[1;32mgui/info[0m[1;32m][0m[1;32m[0m
[gazebo-1] [1;32m[Msg] [0m[1;32mWorld [[0m[1;32mground[0m[1;32m] initialized with [[0m[1;32m1ms[0m[1;32m] physics profile.[0m[1;32m[0m
[gazebo-1] [1;32m[Msg] [0m[1;32mServing world SDF generation service on [[0m[1;32m/world/ground[0m[1;32m/[0m[1;32mgenerate_world_sdf[0m[1;32m][0m[1;32m[0m
[gazebo-1] [1;32m[Msg] [0m[1;32mServing world names on [[0m[1;32m/gazebo/worlds[0m[1;32m][0m[1;32m[0m
[gazebo-1] [1;32m[Msg] [0m[1;32mResource path add service on [[0m[1;32m/gazebo/resource_paths/add[0m[1;32m].[0m[1;32m[0m
[gazebo-1] [1;32m[Msg] [0m[1;32mResource path get service on [[0m[1;32m/gazebo/resource_paths/get[0m[1;32m].[0m[1;32m[0m
[gazebo-1] [1;32m[Msg] [0m[1;32mResource path resolve service on [[0m[1;32m/gazebo/resource_paths/resolve[0m[1;32m].[0m[1;32m[0m
[gazebo-1] [1;32m[Msg] [0m[1;32mResource paths published on [[0m[1;32m/gazebo/resource_paths[0m[1;32m].[0m[1;32m[0m
[gazebo-1] [1;32m[Msg] [0m[1;32mServer control service on [[0m[1;32m/server_control[0m[1;32m].[0m[1;32m[0m
[gazebo-1] [1;32m[Msg] [0m[1;32mFound no publishers on /stats, adding root stats topic[0m[1;32m[0m
[gazebo-1] [1;32m[Msg] [0m[1;32mFound no publishers on /clock, adding root clock topic[0m[1;32m[0m
[gazebo-1] [1;32m[Msg] [0m[1;32mJointPositionController subscribing to Double messages on [[0m[1;32m/cl415/cmd/left_aileron[0m[1;32m][0m[1;32m[0m
[gazebo-1] [1;32m[Msg] [0m[1;32mJointPositionController subscribing to Double messages on [[0m[1;32m/cl415/cmd/right_aileron[0m[1;32m][0m[1;32m[0m
[gazebo-1] [1;32m[Msg] [0m[1;32mJointPositionController subscribing to Double messages on [[0m[1;32m/cl415/cmd/elevator[0m[1;32m][0m[1;32m[0m
[gazebo-1] [1;32m[Msg] [0m[1;32mJointPositionController subscribing to Double messages on [[0m[1;32m/cl415/cmd/rudder[0m[1;32m][0m[1;32m[0m
[gazebo-1] [1;32m[Msg] [0m[1;32mOdometryPublisher publishing odometry on [[0m[1;32m/cl415/odometry[0m[1;32m][0m[1;32m[0m
[gazebo-1] [1;32m[Msg] [0m[1;32mOdometryPublisher publishing odometry with covariance on [[0m[1;32m/model/cl415/odometry_with_covariance[0m[1;32m][0m[1;32m[0m
[ERROR] [gazebo-1]: process has died [pid 1022, exit code -15, cmd 'ruby /opt/ros/jazzy/opt/gz_tools_vendor/bin/gz sim -r -s -v 3 /home/test/cl415_ws/install/cl415_description/share/cl415_description/worlds/ground.sdf --force-version 8'].
[gazebo-1] [1;32m[Msg] [0m[1;32
[INFO] [launch]: process[gazebo-1] was required: shutting down launched system
[INFO] [parameter_bridge-4]: sending signal 'SIGINT' to process[parameter_bridge-4]
[INFO] [robot_state_publisher-2]: sending signal 'SIGINT' to process[robot_state_publisher-2]
[parameter_bridge-4] [INFO] [1791047526.299587840] [rclcpp]: signal_handler(signum=15)
[parameter_bridge-4] [INFO] [1791047526.302410159] [rclcpp]: signal_handler(signum=2)
[robot_state_publisher-2] [INFO] [1791047526.305289651] [rclcpp]: signal_handler(signum=2)
[robot_state_publisher-2] [INFO] [1791047526.321991491] [rclcpp]: signal_handler(signum=15)
[INFO] [robot_state_publisher-2]: process has finished cleanly [pid 1023]
[INFO] [parameter_bridge-4]: process has finished cleanly [pid 1026]
