[1;32m[Msg] [0m[1;32mGazebo Sim Server v[0m[1;32m8.9.0[0m[1;32m[0m
[1;32m[Msg] [0m[1;32mLoading SDF world file[[0m[1;32m/mnt/c/Users/jamil/Desktop/jim/uni/CL415-VIP/cl415_description/worlds/water_cl415.sdf[0m[1;32m].[0m
[1;32m[Msg] [0m[1;32mServing entity system service on [[0m[1;32m/[0m[1;32mentity/system/add[0m[1;32m][0m[1;32m[0m
[1;32m[Msg] [0m[1;32mCreate service on [[0m[1;32m/world/water_cl415/create[0m[1;32m][0m[1;32m[0m
[1;32m[Msg] [0m[1;32mRemove service on [[0m[1;32m/world/water_cl415/remove[0m[1;32m][0m[1;32m[0m
[1;32m[Msg] [0m[1;32mPose service on [[0m[1;32m/world/water_cl415/set_pose[0m[1;32m][0m[1;32m[0m
[1;32m[Msg] [0m[1;32mPose service on [[0m[1;32m/world/water_cl415/set_pose_vector[0m[1;32m][0m[1;32m[0m
[1;32m[Msg] [0m[1;32mLight configuration service on [[0m[1;32m/world/water_cl415/light_config[0m[1;32m][0m[1;32m[0m
[1;32m[Msg] [0m[1;32mPhysics service on [[0m[1;32m/world/water_cl415/set_physics[0m[1;32m][0m[1;32m[0m
[1;32m[Msg] [0m[1;32mSphericalCoordinates service on [[0m[1;32m/world/water_cl415/set_spherical_coordinates[0m[1;32m][0m[1;32m[0m
[1;32m[Msg] [0m[1;32mEnable collision service on [[0m[1;32m/world/water_cl415/enable_collision[0m[1;32m][0m[1;32m[0m
[1;32m[Msg] [0m[1;32mDisable collision service on [[0m[1;32m/world/water_cl415/disable_collision[0m[1;32m][0m[1;32m[0m
[1;32m[Msg] [0m[1;32mMaterial service on [[0m[1;32m/world/water_cl415/visual_config[0m[1;32m][0m[1;33m[Wrn] [MulticopterMotorModel.cc:295] [0m[1;33m<motorNumber> is depricated, [0m[1;33mplease use <actuator_number>.[0m
[1;33m[Wrn] [MulticopterMotorModel.cc:295] [0m[1;33m<motorNumber> is depricated, [0m[1;33mplease use <actuator_number>.[0m
[1;32m[0m
[1;32m[Msg] [0m[1;32mMaterial service on [[0m[1;32m/world/water_cl415/wheel_slip[0m[1;32m][0m[1;32m[0m
[1;32m[Msg] [0m[1;32mJointPositionController subscribing to Double messages on [[0m[1;32m/cl415/cmd/left_aileron[0m[1;32m][0m[1;32m[0m
[1;32m[Msg] [0m[1;32mJointPositionController subscribing to Double messages on [[0m[1;32m/cl415/cmd/right_aileron[0m[1;32m][0m[1;32m[0m
[1;32m[Msg] [0m[1;32mJointPositionController subscribing to Double messages on [[0m[1;32m/cl415/cmd/elevator[0m[1;32m][0m[1;32m[0m
[1;32m[Msg] [0m[1;32mJointPositionController subscribing to Double messages on [[0m[1;32m/cl415/cmd/rudder[0m[1;32m][0m[1;32m[0m
[1;32m[Msg] [0m[1;32mOdometryPublisher publishing odometry on [[0m[1;32m/cl415/odometry[0m[1;32m][0m[1;32m[0m
[1;32m[Msg] [0m[1;32mOdometryPublisher publishing odometry with covariance on [[0m[1;32m/model/cl415/odometry_with_covariance[0m[1;32m][0m[1;32m[0m
[1;32m[Msg] [0m[1;32mOdometryPublisher publishing Pose_V (TF) on [[0m[1;32m/cl415/tf[0m[1;32m][0m[1;32m[0m
[1;32m[Msg] [0m[1;32mLoaded level [[0m[1;32mdefault[0m[1;32m][0m[1;32m[0m
[1;32m[Msg] [0m[1;32mServing world controls on [[0m[1;32m/world/water_cl415[0m[1;32m/control], [[0m[1;32m/world/water_cl415[0m[1;32m/control/state] and [[0m[1;32m/world/water_cl415[0m[1;32m/playback/control][0m[1;32m[0m
[1;32m[Msg] [0m[1;32mServing GUI information on [[0m[1;32m/world/water_cl415[0m[1;32m/[0m[1;32mgui/info[0m[1;32m][0m[1;32m[0m
[1;32m[Msg] [0m[1;32mWorld [[0m[1;32mwater_cl415[0m[1;32m] initialized with [[0m[1;32m1ms[0m[1;32m] physics profile.[0m[1;32m[0m
[1;32m[Msg] [0m[1;32mServing world SDF generation service on [[0m[1;32m/world/water_cl415[0m[1;32m/[0m[1;32mgenerate_world_sdf[0m[1;32m][0m[1;32m[0m
[1;32m[Msg] [0m[1;32mServing world names on [[0m[1;32m/gazebo/worlds[0m[1;32m][0m[1;32m[0m
[1;32m[Msg] [0m[1;32mResource path add service on [[0m[1;32m/gazebo/resource_paths/add[0m[1;32m].[0m[1;32m[0m
[1;32m[Msg] [0m[1;32mResource path get service on [[0m[1;32m/gazebo/resource_paths/get[0m[1;32m].[0m[1;32m[0m
[1;32m[Msg] [0m[1;32mResource path resolve service on [[0m[1;32m/gazebo/resource_paths/resolve[0m[1;32m].[0m[1;32m[0m
[1;32m[Msg] [0m[1;32mResource paths published on [[0m[1;32m/gazebo/resource_paths[0m[1;32m].[0m[1;32m[0m
[1;32m[Msg] [0m[1;32mServer control service on [[0m[1;32m/server_control[0m[1;32m].[0m[1;32m[0m
[1;32m[Msg[1;33m[Wrn] [Buoyancy.cc:616] [0m[1;33mOnly <box> and <sphere> collisions are supported [0m[1;33mby the graded buoyancy option.[0m[1;33m[0m
] [0m[1;32mFound no publishers on /stats, adding root stats topic[0m[1;32m[0m
[1;32m[Msg] [0m[1;32mFound no publishers on /clock, adding root clock topic[0m[1;32m[0m
[1;32m[Msg] [0m[1;32mServing scene information on [[0m[1;32m/world/water_cl415[0m[1;32m/[0m[1;32mscene/info[0m[1;32m][0m[1;32m[0m
[1;32m[Msg] [0m[1;32mServing graph information on [[0m[1;32m/world/water_cl415[0m[1;32m/[0m[1;32mscene/graph[0m[1;32m][0m[1;32m[0m
[1;32m[Msg] [0m[1;32mServing full state on [[0m[1;32m/world/water_cl415[0m[1;32m/[0m[1;32mstate[0m[1;32m][0m[1;32m[0m
[1;32m[Msg] [0m[1;32mServing full state (async) on [[0m[1;32m/world/water_cl415[0m[1;32m/[0m[1;32mstate_async[0m[1;32m][0m[1;32m[0m
[1;32m[Msg] [0m[1;32mPublishing scene information on [[0m[1;32m/world/water_cl415/scene/info[0m[1;32m][0m[1;32m[0m
[1;32m[Msg] [0m[1;32mPublishing entity deletions on [[0m[1;32m/world/water_cl415/scene/deletion[0m[1;32m][0m[1;32m[0m
[1;32m[Msg] [0m[1;32mPublishing state changes on [[0m[1;32m/world/water_cl415/state[0m[1;32m][0m[1;32m[0m
[1;32m[Msg] [0m[1;32mPublishing pose messages on [[0m[1;32m/world/water_cl415[0m[1;32m/[0m[1;32mpose/info[0m[1;32m][0m[1;32m[0m
[1;32m[Msg] [0m[1;32mPublishing dynamic pose messages on [[0m[1;32m/world/water_cl415[0m[1;32m/[0m[1;32mdynamic_pose/info[0m[1;32m][0m[1;32m[0m
